graph [
  node [
    id 0
    label "A0"
  ]
  node [
    id 1
    label "A1"
  ]
  node [
    id 2
    label "A2"
  ]
  node [
    id 3
    label "A3"
  ]
  node [
    id 4
    label "A4"
  ]
  node [
    id 5
    label "A5"
  ]
  node [
    id 6
    label "A6"
  ]
  node [
    id 7
    label "A7"
  ]
  node [
    id 8
    label "A8"
  ]
  node [
    id 9
    label "A9"
  ]
  node [
    id 10
    label "A10"
  ]
  node [
    id 11
    label "A11"
  ]
  node [
    id 12
    label "A12"
  ]
  node [
    id 13
    label "A13"
  ]
  node [
    id 14
    label "A14"
  ]
  node [
    id 15
    label "A15"
  ]
  node [
    id 16
    label "A16"
  ]
  node [
    id 17
    label "A17"
  ]
  node [
    id 18
    label "A18"
  ]
  node [
    id 19
    label "A19"
  ]
  node [
    id 20
    label "A20"
  ]
  node [
    id 21
    label "A21"
  ]
  node [
    id 22
    label "A22"
  ]
  node [
    id 23
    label "A23"
  ]
  node [
    id 24
    label "A24"
  ]
  node [
    id 25
    label "A25"
  ]
  node [
    id 26
    label "A26"
  ]
  node [
    id 27
    label "A27"
  ]
  node [
    id 28
    label "A28"
  ]
  node [
    id 29
    label "A29"
  ]
  node [
    id 30
    label "A30"
  ]
  node [
    id 31
    label "A31"
  ]
  node [
    id 32
    label "A32"
  ]
  node [
    id 33
    label "A33"
  ]
  node [
    id 34
    label "A34"
  ]
  node [
    id 35
    label "A35"
  ]
  node [
    id 36
    label "A36"
  ]
  node [
    id 37
    label "A37"
  ]
  node [
    id 38
    label "A38"
  ]
  node [
    id 39
    label "A39"
  ]
  node [
    id 40
    label "A40"
  ]
  node [
    id 41
    label "A41"
  ]
  node [
    id 42
    label "A42"
  ]
  node [
    id 43
    label "A43"
  ]
  node [
    id 44
    label "A44"
  ]
  node [
    id 45
    label "A45"
  ]
  edge [
    source 0
    target 1
    weight 0.8774635971114897
  ]
  edge [
    source 0
    target 2
    weight 0.9311632278326695
  ]
  edge [
    source 0
    target 3
    weight 0.9334648840834323
  ]
  edge [
    source 0
    target 4
    weight 0.918008202921474
  ]
  edge [
    source 0
    target 5
    weight 0.9209240388021109
  ]
  edge [
    source 1
    target 2
    weight 0.9198847838512464
  ]
  edge [
    source 1
    target 3
    weight 0.9466951351267424
  ]
  edge [
    source 1
    target 5
    weight 0.9066021161158895
  ]
  edge [
    source 1
    target 6
    weight 0.9905960627044337
  ]
  edge [
    source 1
    target 22
    weight -0.14831603037775654
  ]
  edge [
    source 1
    target 9
    weight 0.4373070846962247
  ]
  edge [
    source 2
    target 3
    weight 0.9221554557049777
  ]
  edge [
    source 2
    target 4
    weight 0.8528949349464575
  ]
  edge [
    source 2
    target 5
    weight 0.8581262797969214
  ]
  edge [
    source 2
    target 29
    weight 0.06310615976291534
  ]
  edge [
    source 3
    target 4
    weight 0.9262152888669688
  ]
  edge [
    source 3
    target 5
    weight 0.9381292762196604
  ]
  edge [
    source 3
    target 6
    weight 0.9935399683524108
  ]
  edge [
    source 4
    target 5
    weight 0.8746004835612942
  ]
  edge [
    source 4
    target 15
    weight 0.16725554720378055
  ]
  edge [
    source 4
    target 32
    weight -0.49421976258225686
  ]
  edge [
    source 5
    target 6
    weight 0.8958089062431548
  ]
  edge [
    source 5
    target 37
    weight -0.4650738338264564
  ]
  edge [
    source 6
    target 14
    weight 0.9151767581689356
  ]
  edge [
    source 6
    target 22
    weight -0.26319022463688224
  ]
  edge [
    source 7
    target 8
    weight 0.876601455291738
  ]
  edge [
    source 7
    target 9
    weight 0.8731827100133565
  ]
  edge [
    source 7
    target 10
    weight 0.9079275292503742
  ]
  edge [
    source 8
    target 9
    weight 0.9750833941226847
  ]
  edge [
    source 8
    target 10
    weight 0.9024388452945539
  ]
  edge [
    source 9
    target 10
    weight 0.9012561689125681
  ]
  edge [
    source 9
    target 13
    weight 0.768121137347135
  ]
  edge [
    source 9
    target 33
    weight 0.17050181556785626
  ]
  edge [
    source 11
    target 12
    weight 0.9206260187963268
  ]
  edge [
    source 11
    target 13
    weight 0.9159394596519459
  ]
  edge [
    source 11
    target 14
    weight 0.8943518373463761
  ]
  edge [
    source 11
    target 17
    weight 0.34542948528921036
  ]
  edge [
    source 12
    target 13
    weight 0.9671595396688721
  ]
  edge [
    source 12
    target 14
    weight 0.8685815011460358
  ]
  edge [
    source 12
    target 17
    weight 0.8010002604492646
  ]
  edge [
    source 12
    target 41
    weight -0.04661198052350646
  ]
  edge [
    source 13
    target 14
    weight 0.8778432791117483
  ]
  edge [
    source 15
    target 16
    weight 0.9744131742126163
  ]
  edge [
    source 15
    target 17
    weight 0.9484587433809127
  ]
  edge [
    source 15
    target 18
    weight 0.9553988423572487
  ]
  edge [
    source 16
    target 17
    weight 0.9461564546727536
  ]
  edge [
    source 16
    target 18
    weight 0.9714910875596804
  ]
  edge [
    source 17
    target 18
    weight 0.8735754377176026
  ]
  edge [
    source 19
    target 20
    weight 0.9760718747791739
  ]
  edge [
    source 19
    target 21
    weight 0.9170005996383921
  ]
  edge [
    source 19
    target 22
    weight 0.8571602943105978
  ]
  edge [
    source 19
    target 41
    weight -0.018963628633481555
  ]
  edge [
    source 20
    target 21
    weight 0.8606160827858285
  ]
  edge [
    source 20
    target 22
    weight 0.8929200255908841
  ]
  edge [
    source 21
    target 22
    weight 0.8556991892524715
  ]
  edge [
    source 21
    target 26
    weight 0.9399180869148505
  ]
  edge [
    source 23
    target 24
    weight 0.9549080934357694
  ]
  edge [
    source 23
    target 25
    weight 0.8599341406505328
  ]
  edge [
    source 23
    target 26
    weight 0.9139456387044922
  ]
  edge [
    source 24
    target 25
    weight 0.8886143336331547
  ]
  edge [
    source 24
    target 26
    weight 0.8802845158814929
  ]
  edge [
    source 24
    target 38
    weight 0.8586388489394227
  ]
  edge [
    source 25
    target 26
    weight 0.9094969952791208
  ]
  edge [
    source 27
    target 28
    weight 0.972779732343799
  ]
  edge [
    source 27
    target 29
    weight 0.9272551263380887
  ]
  edge [
    source 27
    target 30
    weight 0.9376767715848161
  ]
  edge [
    source 28
    target 29
    weight 0.9553623215345743
  ]
  edge [
    source 28
    target 30
    weight 0.8952665586698548
  ]
  edge [
    source 29
    target 30
    weight 0.9719277091538374
  ]
  edge [
    source 30
    target 45
    weight 0.1573544992308873
  ]
  edge [
    source 31
    target 32
    weight 0.8696399290651893
  ]
  edge [
    source 31
    target 33
    weight 0.8987927807543692
  ]
  edge [
    source 31
    target 34
    weight 0.872241089398634
  ]
  edge [
    source 31
    target 35
    weight 0.9734255388468991
  ]
  edge [
    source 31
    target 36
    weight 0.9881601038998375
  ]
  edge [
    source 31
    target 37
    weight -0.3359967762580388
  ]
  edge [
    source 32
    target 33
    weight 0.8502559561299979
  ]
  edge [
    source 32
    target 34
    weight 0.8825550538002453
  ]
  edge [
    source 32
    target 35
    weight 0.9071801631931831
  ]
  edge [
    source 32
    target 36
    weight 0.9133055299359785
  ]
  edge [
    source 32
    target 37
    weight -0.4540346840799936
  ]
  edge [
    source 33
    target 34
    weight 0.9149158567839575
  ]
  edge [
    source 33
    target 35
    weight 0.9811428668892621
  ]
  edge [
    source 33
    target 36
    weight 0.9527905135353087
  ]
  edge [
    source 34
    target 36
    weight 0.9770363269203344
  ]
  edge [
    source 34
    target 44
    weight 0.785004414409847
  ]
  edge [
    source 35
    target 36
    weight 0.9758151678733227
  ]
  edge [
    source 37
    target 38
    weight 0.8915113793974375
  ]
  edge [
    source 37
    target 39
    weight 0.957435495224371
  ]
  edge [
    source 37
    target 40
    weight 0.9160832634931397
  ]
  edge [
    source 37
    target 41
    weight 0.8609989439847396
  ]
  edge [
    source 38
    target 39
    weight 0.9381264273803738
  ]
  edge [
    source 38
    target 40
    weight 0.9665330560771763
  ]
  edge [
    source 38
    target 41
    weight 0.9092486083117363
  ]
  edge [
    source 39
    target 40
    weight 0.87479810570986
  ]
  edge [
    source 39
    target 41
    weight 0.9143365549018955
  ]
  edge [
    source 40
    target 41
    weight 0.9524194436084302
  ]
  edge [
    source 42
    target 43
    weight 0.8921890608126327
  ]
  edge [
    source 42
    target 44
    weight 0.8809101970892194
  ]
  edge [
    source 42
    target 45
    weight 0.9186126185250825
  ]
  edge [
    source 43
    target 44
    weight 0.9278296489226129
  ]
  edge [
    source 43
    target 45
    weight 0.9502465767500107
  ]
  edge [
    source 44
    target 45
    weight 0.9489764787572932
  ]
]
